[cyclonethemes.com/demo/html/padhai/index.html]
[backblue.gif]
[fade.gif]
[index.html]
[cyclonethemes.com/cdn-cgi/apps/head/aXeeT3C8FEVE2uMUPMMUDxVnKrs.js]
[cyclonethemes.com/demo/html/padhai/images/favicon.png]
[cyclonethemes.com/demo/html/padhai/css/bootstrap.min.css]
[cyclonethemes.com/demo/html/padhai/css/default.css]
[cyclonethemes.com/demo/html/padhai/css/style.css]
[cyclonethemes.com/demo/html/padhai/css/owl.carousel.css]
[cyclonethemes.com/demo/html/padhai/css/modal-video-min.css]
[cyclonethemes.com/demo/html/padhai/css/plugin.css]
[cyclonethemes.com/demo/html/padhai/css/magnific-popup.css]
[cyclonethemes.com/demo/html/padhai/css/font-awesome.css]
[cyclonethemes.com/demo/html/padhai/css/flaticon1.css]
[cyclonethemes.com/demo/html/padhai/faq.html]
[cyclonethemes.com/demo/html/padhai/register.html]
[cyclonethemes.com/demo/html/padhai/index-banner.html]
[cyclonethemes.com/demo/html/padhai/index-video.html]
[cyclonethemes.com/demo/html/padhai/index-2.html]
[cyclonethemes.com/demo/html/padhai/index-3.html]
[cyclonethemes.com/demo/html/padhai/index-kids.html]
[cyclonethemes.com/demo/html/padhai/index-drive.html]
[cyclonethemes.com/demo/html/padhai/index-cook.html]
[cyclonethemes.com/demo/html/padhai/dashboard.html]
[cyclonethemes.com/demo/html/padhai/dashboard-my-profile.html]
[cyclonethemes.com/demo/html/padhai/dashboard-booking.html]
[cyclonethemes.com/demo/html/padhai/dashboard-history.html]
[cyclonethemes.com/demo/html/padhai/dashboard-list.html]
[cyclonethemes.com/demo/html/padhai/dashboard-addtour.html]
[cyclonethemes.com/demo/html/padhai/dashboard-reviews.html]
[cyclonethemes.com/demo/html/padhai/about-us.html]
[cyclonethemes.com/demo/html/padhai/events.html]
[cyclonethemes.com/demo/html/padhai/events-2.html]
[cyclonethemes.com/demo/html/padhai/events-3.html]
[cyclonethemes.com/demo/html/padhai/events-detail.html]
[cyclonethemes.com/demo/html/padhai/gallery.html]
[cyclonethemes.com/demo/html/padhai/gallery-2.html]
[cyclonethemes.com/demo/html/padhai/teachers.html]
[cyclonethemes.com/demo/html/padhai/teachers-slider.html]
[cyclonethemes.com/demo/html/padhai/contact-us.html]
[cyclonethemes.com/demo/html/padhai/membership.html]
[cyclonethemes.com/demo/html/padhai/comingsoon.html]
[cyclonethemes.com/demo/html/padhai/404.html]
[cyclonethemes.com/demo/html/padhai/courses.html]
[cyclonethemes.com/demo/html/padhai/courses-slider.html]
[cyclonethemes.com/demo/html/padhai/courses-detail.html]
[cyclonethemes.com/demo/html/padhai/blog-listing-left.html]
[cyclonethemes.com/demo/html/padhai/blog-listing.html]
[cyclonethemes.com/demo/html/padhai/blog-fullwidth.html]
[cyclonethemes.com/demo/html/padhai/blog-grid.html]
[cyclonethemes.com/demo/html/padhai/blog-details.html]
[cyclonethemes.com/demo/html/padhai/images/education/slide-1.jpg]
[cyclonethemes.com/demo/html/padhai/images/education/slide-2.jpg]
[cyclonethemes.com/demo/html/padhai/images/education/slide-4.jpg]
[cyclonethemes.com/demo/html/padhai/images/education/about.png]
[cyclonethemes.com/demo/html/padhai/images/education/ft-1.jpg]
[cyclonethemes.com/demo/html/padhai/images/blog/cmnt-1.jpg]
[cyclonethemes.com/demo/html/padhai/images/education/ft-2.jpg]
[cyclonethemes.com/demo/html/padhai/images/blog/cmnt-2.jpg]
[cyclonethemes.com/demo/html/padhai/images/education/ft-3.jpg]
[cyclonethemes.com/demo/html/padhai/images/blog/cmnt-3.jpg]
[cyclonethemes.com/demo/html/padhai/images/education/ft-4.jpg]
[cyclonethemes.com/demo/html/padhai/images/places/01.jpg]
[cyclonethemes.com/demo/html/padhai/mt_btn_yellow]
[cyclonethemes.com/demo/html/padhai/images/education/student-01.png]
[cyclonethemes.com/demo/html/padhai/images/team/rmember-1.jpg]
[cyclonethemes.com/demo/html/padhai/images/team/rmember-2.jpg]
[cyclonethemes.com/demo/html/padhai/images/team/rmember-3.jpg]
[cyclonethemes.com/demo/html/padhai/images/team/rmember-4.jpg]
[cyclonethemes.com/demo/html/padhai/images/team/member-1.jpg]
[cyclonethemes.com/demo/html/padhai/images/team/member-2.jpg]
[cyclonethemes.com/demo/html/padhai/images/team/member-3.jpg]
[cyclonethemes.com/demo/html/padhai/images/blog-listing/blog_02.jpg]
[cyclonethemes.com/demo/html/padhai/images/blog-listing/blog_04.jpg]
[cyclonethemes.com/demo/html/padhai/images/blog-listing/blog_03.jpg]
[cyclonethemes.com/demo/html/padhai/images/blog-listing/bl-01.jpg]
[cyclonethemes.com/demo/html/padhai/images/gallery/gl-02.jpg]
[cyclonethemes.com/demo/html/padhai/images/gallery/gl-01.jpg]
[cyclonethemes.com/demo/html/padhai/images/gallery/gl-s1.jpg]
[cyclonethemes.com/demo/html/padhai/images/gallery/gl-03.jpg]
[cyclonethemes.com/demo/html/padhai/images/gallery/gl-04.jpg]
[cyclonethemes.com/demo/html/padhai/images/gallery/gl-c1.jpg]
[cyclonethemes.com/demo/html/padhai/images/insta/insta_01.jpg]
[cyclonethemes.com/demo/html/padhai/images/insta/insta_02.jpg]
[cyclonethemes.com/demo/html/padhai/images/insta/insta_03.jpg]
[cyclonethemes.com/demo/html/padhai/images/insta/insta_04.jpg]
[cyclonethemes.com/demo/html/padhai/images/insta/insta_05.jpg]
[cyclonethemes.com/demo/html/padhai/images/insta/insta_06.jpg]
[cyclonethemes.com/demo/html/padhai/images/insta/insta_07.jpg]
[cyclonethemes.com/demo/html/padhai/images/insta/insta_08.jpg]
[cyclonethemes.com/demo/html/padhai/images/insta/insta_09.jpg]
[cyclonethemes.com/cdn-cgi/scripts/5c5dd728/cloudflare-static/email-decode.min.js]
[cyclonethemes.com/demo/html/padhai/js/jquery-3.2.1.min.js]
[cyclonethemes.com/demo/html/padhai/js/bootstrap.min.js]
[cyclonethemes.com/demo/html/padhai/js/jquery.parallax-1.1.3.js]
[cyclonethemes.com/demo/html/padhai/js/jquery.fancybox.pack.js]
[cyclonethemes.com/demo/html/padhai/js/jquery.easing.min.js]
[cyclonethemes.com/demo/html/padhai/js/wow.min.js]
[cyclonethemes.com/demo/html/padhai/js/jquery.nav.js]
[cyclonethemes.com/demo/html/padhai/js/jquery.magnific-popup.min.js]
[cyclonethemes.com/demo/html/padhai/js/custom-magnificpopup.js]
[cyclonethemes.com/demo/html/padhai/js/slick.js]
[cyclonethemes.com/demo/html/padhai/js/slicknav.js]
[cyclonethemes.com/demo/html/padhai/js/custom-nav.js]
[cyclonethemes.com/demo/html/padhai/js/owl.carousel.min.js]
[cyclonethemes.com/demo/html/padhai/js/jquery.appear.js]
[cyclonethemes.com/demo/html/padhai/js/isotope.min.js]
[cyclonethemes.com/demo/html/padhai/js/jquery.countTo.js]
[cyclonethemes.com/demo/html/padhai/js/jquery-modal-video.min.js]
[cyclonethemes.com/demo/html/padhai/js/custom-modalvideo.js]
[cyclonethemes.com/demo/html/padhai/js/main.js]
[cyclonethemes.com/demo/html/padhai/index.html]
[ajax.cloudflare.com/cdn-cgi/scripts/7089c43e/cloudflare-static/rocket-loader.min.js]
[cyclonethemes.com/demo/html/padhai/fonts/glyphicons-halflings-regular.html]
[cyclonethemes.com/demo/html/padhai/fonts/glyphicons-halflings-regulard41dd41d.html]
[cyclonethemes.com/demo/html/padhai/fonts/glyphicons-halflings-regular-2.html]
[cyclonethemes.com/demo/html/padhai/fonts/glyphicons-halflings-regular-3.html]
[cyclonethemes.com/demo/html/padhai/fonts/glyphicons-halflings-regular-4.html]
[cyclonethemes.com/demo/html/padhai/css/bootstrap.min.css]
[cyclonethemes.com/demo/html/padhai/fonts/glyphicons-halflings-regular-5.html]
[cyclonethemes.com/demo/html/padhai/images/loader.gif]
[cyclonethemes.com/demo/html/padhai/css/default.css]
[cyclonethemes.com/demo/html/padhai/images/icon-cross.png]
[cyclonethemes.com/demo/html/padhai/images/started-bg1.jpg]
[cyclonethemes.com/demo/html/padhai/images/education/ed-1.jpg]
[cyclonethemes.com/demo/html/padhai/images/stats.jpg]
[cyclonethemes.com/demo/html/padhai/images/img08.jpg]
[cyclonethemes.com/demo/html/padhai/images/search-icon.png]
[cyclonethemes.com/demo/html/padhai/images/started-bg.jpg]
[cyclonethemes.com/demo/html/padhai/css/style.css]
[cyclonethemes.com/demo/html/padhai/css/owl.video.play.html]
[cyclonethemes.com/demo/html/padhai/css/owl.carousel.css]
[cyclonethemes.com/demo/html/padhai/css/modal-video-min.css]
[cyclonethemes.com/demo/html/padhai/fonts/ionicons28b528b528b5.eot]
[cyclonethemes.com/demo/html/padhai/fonts/ionicons28b528b528b5.ttf]
[cyclonethemes.com/demo/html/padhai/fonts/ionicons28b528b528b5.woff]
[cyclonethemes.com/demo/html/padhai/fonts/ionicons28b528b528b5.svg]
[cyclonethemes.com/demo/html/padhai/fonts/et-line.eot]
[cyclonethemes.com/demo/html/padhai/fonts/et-lined41dd41d.eot]
[cyclonethemes.com/demo/html/padhai/fonts/et-line.woff]
[cyclonethemes.com/demo/html/padhai/fonts/et-line.ttf]
[cyclonethemes.com/demo/html/padhai/css/plugin.css]
[cyclonethemes.com/demo/html/padhai/css/magnific-popup.css]
[cyclonethemes.com/demo/html/padhai/fonts/et-line.svg]
[cyclonethemes.com/demo/html/padhai/fonts/fontawesome-webfont93e393e3.eot]
[cyclonethemes.com/demo/html/padhai/fonts/fontawesome-webfontd41dd41d.eot]
[cyclonethemes.com/demo/html/padhai/fonts/fontawesome-webfont93e393e3.html]
[cyclonethemes.com/demo/html/padhai/fonts/fontawesome-webfont93e393e3.woff]
[cyclonethemes.com/demo/html/padhai/fonts/fontawesome-webfont93e393e3.ttf]
[cyclonethemes.com/demo/html/padhai/css/font-awesome.css]
[cyclonethemes.com/demo/html/padhai/fonts/fontawesome-webfont93e393e3.svg]
[cyclonethemes.com/demo/html/padhai/fonts/Flaticon1.eot]
[cyclonethemes.com/demo/html/padhai/fonts/Flaticon1d41d.eot]
[cyclonethemes.com/demo/html/padhai/fonts/Flaticon1.woff]
[cyclonethemes.com/demo/html/padhai/fonts/Flaticon1.ttf]
[cyclonethemes.com/demo/html/padhai/fonts/Flaticon1.svg]
[cyclonethemes.com/demo/html/padhai/css/Flaticon.svg]
[cyclonethemes.com/demo/html/padhai/css/flaticon1.css]
[cyclonethemes.com/demo/html/padhai/faq.html]
[cyclonethemes.com/demo/html/padhai/register.html]
[cyclonethemes.com/demo/html/padhai/index-banner.html]
[cyclonethemes.com/demo/html/padhai/lost_password.html]
[cyclonethemes.com/demo/html/padhai/css/video_096.css]
[cyclonethemes.com/demo/html/padhai/images/sea.mp4]
[cyclonethemes.com/demo/html/padhai/index-video.html]
[cyclonethemes.com/demo/html/padhai/images/education/slide-3.jpg]
[cyclonethemes.com/demo/html/padhai/images/about/sm-1.jpg]
[cyclonethemes.com/demo/html/padhai/images/about/sm-2.jpg]
[cyclonethemes.com/demo/html/padhai/images/about/sm-3.jpg]
[cyclonethemes.com/demo/html/padhai/index-2.html]
[cyclonethemes.com/demo/html/padhai/images/about/about-1.png]
[cyclonethemes.com/demo/html/padhai/images/partner/p-1.png]
[cyclonethemes.com/demo/html/padhai/images/partner/p-2.png]
[cyclonethemes.com/demo/html/padhai/images/partner/p-3.png]
[cyclonethemes.com/demo/html/padhai/images/partner/p-4.png]
[cyclonethemes.com/demo/html/padhai/images/partner/p-5.png]
[cyclonethemes.com/demo/html/padhai/images/partner/p-6.png]
[cyclonethemes.com/demo/html/padhai/images/partner/p-7.png]
[cyclonethemes.com/demo/html/padhai/images/partner/p-8.png]
[cyclonethemes.com/demo/html/padhai/index-3.html]
[cyclonethemes.com/demo/html/padhai/css/kindergarden.css]
[cyclonethemes.com/demo/html/padhai/images/kindergarden/slide-1.jpg]
[cyclonethemes.com/demo/html/padhai/images/kindergarden/slide-2.jpg]
[cyclonethemes.com/demo/html/padhai/images/kindergarden/slide-3.jpg]
[cyclonethemes.com/demo/html/padhai/images/kindergarden/k1.png]
[cyclonethemes.com/demo/html/padhai/images/kindergarden/ft-1.jpg]
[cyclonethemes.com/demo/html/padhai/images/kindergarden/ft-2.jpg]
[cyclonethemes.com/demo/html/padhai/images/kindergarden/ft-3.jpg]
[cyclonethemes.com/demo/html/padhai/images/kindergarden/ft-4.jpg]
[cyclonethemes.com/demo/html/padhai/images/kindergarden/ft-5.jpg]
[cyclonethemes.com/demo/html/padhai/images/kindergarden/gl-02.jpg]
[cyclonethemes.com/demo/html/padhai/images/kindergarden/gl-01.jpg]
[cyclonethemes.com/demo/html/padhai/images/kindergarden/gl-s1.jpg]
[cyclonethemes.com/demo/html/padhai/images/kindergarden/gl-06.jpg]
[cyclonethemes.com/demo/html/padhai/images/kindergarden/gl-03.jpg]
[cyclonethemes.com/demo/html/padhai/images/kindergarden/gl-04.jpg]
[cyclonethemes.com/demo/html/padhai/images/kindergarden/gl-c1.jpg]
[cyclonethemes.com/demo/html/padhai/images/kindergarden/gl-05.jpg]
[cyclonethemes.com/demo/html/padhai/index-kids.html]
[cyclonethemes.com/demo/html/padhai/css/driving.css]
[cyclonethemes.com/demo/html/padhai/images/driving/slide-1.jpg]
[cyclonethemes.com/demo/html/padhai/images/driving/slide-2.jpg]
[cyclonethemes.com/demo/html/padhai/images/driving/slide-3.jpg]
[cyclonethemes.com/demo/html/padhai/images/driving/ft-1.jpg]
[cyclonethemes.com/demo/html/padhai/images/driving/ft-2.jpg]
[cyclonethemes.com/demo/html/padhai/images/driving/ft-3.jpg]
[cyclonethemes.com/demo/html/padhai/images/driving/ft-4.jpg]
[cyclonethemes.com/demo/html/padhai/images/driving/ft-5.jpg]
[cyclonethemes.com/demo/html/padhai/images/driving/ford.png]
[cyclonethemes.com/demo/html/padhai/images/driving/car.jpg]
[cyclonethemes.com/demo/html/padhai/images/blog-listing/blog_01.jpg]
[cyclonethemes.com/demo/html/padhai/images/blog-listing/blog_d2.jpg]
[cyclonethemes.com/demo/html/padhai/images/blog-listing/blog_d1.jpg]
[cyclonethemes.com/demo/html/padhai/index-drive.html]
[cyclonethemes.com/demo/html/padhai/css/cook.css]
[cyclonethemes.com/demo/html/padhai/images/cook/slide-1.jpg]
[cyclonethemes.com/demo/html/padhai/images/cook/slide-2.jpg]
[cyclonethemes.com/demo/html/padhai/images/cook/slide-3.jpg]
[cyclonethemes.com/demo/html/padhai/images/cook/ft-1.jpg]
[cyclonethemes.com/demo/html/padhai/images/cook/ft-2.jpg]
[cyclonethemes.com/demo/html/padhai/images/cook/ft-3.jpg]
[cyclonethemes.com/demo/html/padhai/images/cook/ft-4.jpg]
[cyclonethemes.com/demo/html/padhai/images/cook/ft-5.jpg]
[cyclonethemes.com/demo/html/padhai/images/cook/insta_01.jpg]
[cyclonethemes.com/demo/html/padhai/images/cook/insta_02.jpg]
[cyclonethemes.com/demo/html/padhai/images/cook/insta_03.jpg]
[cyclonethemes.com/demo/html/padhai/images/cook/cook-person.png]
[cyclonethemes.com/demo/html/padhai/images/cook/m1.png]
[cyclonethemes.com/demo/html/padhai/images/cook/m2.png]
[cyclonethemes.com/demo/html/padhai/images/cook/m3.png]
[cyclonethemes.com/demo/html/padhai/images/cook/blog_01.jpg]
[cyclonethemes.com/demo/html/padhai/images/cook/blog_02.jpg]
[cyclonethemes.com/demo/html/padhai/images/cook/blog_03.jpg]
[cyclonethemes.com/demo/html/padhai/images/cook/blog_04.jpg]
[cyclonethemes.com/demo/html/padhai/index-cook.html]
[cyclonethemes.com/demo/html/padhai/js/custom.timer.js]
[cyclonethemes.com/demo/html/padhai/css/dashboard.css]
[cyclonethemes.com/demo/html/padhai/css/icons.css]
[cdnjs.cloudflare.com/ajax/libs/font-awesome/4.7.0/css/font-awesome.min.css]
[cyclonethemes.com/demo/html/padhai/images/comment.jpg]
[canvasjs.com/assets/script/canvasjs.min.js]
[cyclonethemes.com/demo/html/padhai/js/chart.js]
[cyclonethemes.com/demo/html/padhai/js/counterup.min.js]
[cyclonethemes.com/demo/html/padhai/js/dashboard-custom.js]
[cyclonethemes.com/demo/html/padhai/js/jpanelmenu.min.js]
[cyclonethemes.com/demo/html/padhai/dashboard.html]
[cyclonethemes.com/demo/html/padhai/images/user-avatar.jpg]
[cyclonethemes.com/demo/html/padhai/js/plugin.js]
[cyclonethemes.com/demo/html/padhai/dashboard-my-profile.html]
[cyclonethemes.com/demo/html/padhai/dashboard-booking.html]
[cyclonethemes.com/demo/html/padhai/dashboard-history.html]
[cyclonethemes.com/demo/html/padhai/dashboard-list.html]
[cyclonethemes.com/demo/html/padhai/dashboard-addtour.html]
[cyclonethemes.com/demo/html/padhai/dashboard-reviews.html]
[cyclonethemes.com/demo/html/padhai/about-us.html]
[cyclonethemes.com/demo/html/padhai/events.html]
[cyclonethemes.com/demo/html/padhai/events-2.html]
[cyclonethemes.com/demo/html/padhai/images/places/02.jpg]
[cyclonethemes.com/demo/html/padhai/images/places/03.jpg]
[cyclonethemes.com/demo/html/padhai/images/places/04.jpg]
[cyclonethemes.com/demo/html/padhai/images/places/05.jpg]
[cyclonethemes.com/demo/html/padhai/images/places/06.jpg]
[cyclonethemes.com/demo/html/padhai/events-3.html]
[cyclonethemes.com/demo/html/padhai/images/courses/course_1.jpg]
[cyclonethemes.com/demo/html/padhai/images/blog/r-post-1.jpg]
[cyclonethemes.com/demo/html/padhai/images/blog/r-post-2.jpg]
[cyclonethemes.com/demo/html/padhai/images/blog/r-post-3.jpg]
[cyclonethemes.com/demo/html/padhai/images/blog/r-post-4.jpg]
[cyclonethemes.com/demo/html/padhai/events-detail.html]
[cyclonethemes.com/demo/html/padhai/gallery.html]
[cyclonethemes.com/demo/html/padhai/images/gallery/gl-05.jpg]
[cyclonethemes.com/demo/html/padhai/gallery-2.html]
[cyclonethemes.com/demo/html/padhai/teachers.html]
[cyclonethemes.com/demo/html/padhai/teachers-slider.html]
[cyclonethemes.com/demo/html/padhai/contact-us.html]
[cyclonethemes.com/demo/html/padhai/membership.html]
[cyclonethemes.com/demo/html/padhai/js/custom-map.js]
[cyclonethemes.com/demo/html/padhai/js/jquery.countdown.min.js]
[cyclonethemes.com/demo/html/padhai/comingsoon.html]
[cyclonethemes.com/demo/html/padhai/404.html]
[cyclonethemes.com/demo/html/padhai/courses.html]
[cyclonethemes.com/demo/html/padhai/courses-slider.html]
[cyclonethemes.com/demo/html/padhai/js/swiper.js]
[cyclonethemes.com/demo/html/padhai/portfolio-detail.html]
[cyclonethemes.com/demo/html/padhai/courses-detail.html]
[cyclonethemes.com/demo/html/padhai/images/blog-listing/blog_07.jpg]
[cyclonethemes.com/demo/html/padhai/images/blog-listing/blog_05.jpg]
[cyclonethemes.com/demo/html/padhai/images/blog-listing/blog_09.jpg]
[cyclonethemes.com/demo/html/padhai/images/insta/insta_10.jpg]
[cyclonethemes.com/demo/html/padhai/images/insta/insta_11.jpg]
[cyclonethemes.com/demo/html/padhai/images/insta/insta_12.jpg]
[cyclonethemes.com/demo/html/padhai/images/banner.jpg]
[cyclonethemes.com/demo/html/padhai/blog-listing-left.html]
[cyclonethemes.com/demo/html/padhai/blog-listing.html]
[cyclonethemes.com/demo/html/padhai/blog-fullwidth.html]
[cyclonethemes.com/demo/html/padhai/images/blog-listing/blog_08.jpg]
[cyclonethemes.com/demo/html/padhai/images/blog-listing/blog_06.jpg]
[cyclonethemes.com/demo/html/padhai/blog-grid.html]
[cyclonethemes.com/demo/html/padhai/images/blog/author.png]
[cyclonethemes.com/demo/html/padhai/blog-details.html]
[cyclonethemes.com/demo/html/padhai/mt_btn_yellow.html]
[cyclonethemes.com/demo/html/padhai/fonts/glyphicons-halflings-regular.html]
[cyclonethemes.com/demo/html/padhai/fonts/glyphicons-halflings-regulard41dd41d.html]
[cyclonethemes.com/demo/html/padhai/fonts/glyphicons-halflings-regular-2.html]
[cyclonethemes.com/demo/html/padhai/fonts/glyphicons-halflings-regular-3.html]
[cyclonethemes.com/demo/html/padhai/fonts/glyphicons-halflings-regular-4.html]
[cyclonethemes.com/demo/html/padhai/fonts/glyphicons-halflings-regular-5.html]
[cyclonethemes.com/demo/html/padhai/css/owl.video.play.html]
[cyclonethemes.com/demo/html/padhai/fonts/ionicons28b528b528b5.svg]
[cyclonethemes.com/demo/html/padhai/fonts/et-line.svg]
[cyclonethemes.com/demo/html/padhai/fonts/fontawesome-webfont93e393e3.html]
[cyclonethemes.com/demo/html/padhai/fonts/fontawesome-webfont93e393e3.svg]
[cyclonethemes.com/demo/html/padhai/fonts/Flaticon1.svg]
[cyclonethemes.com/demo/html/padhai/css/Flaticon.html]
[cyclonethemes.com/demo/html/padhai/js/custom-video.js]
[cyclonethemes.com/demo/html/padhai/lost_password.html]
[cyclonethemes.com/demo/html/padhai/css/video_096.css]
[cyclonethemes.com/demo/html/padhai/images/kindergarden/bg-2.png]
[cyclonethemes.com/demo/html/padhai/images/kindergarden/bg-1.png]
[cyclonethemes.com/demo/html/padhai/images/kindergarden/bg-p.png]
[cyclonethemes.com/demo/html/padhai/images/started-bg-k.jpg]
[cyclonethemes.com/demo/html/padhai/css/kindergarden.css]
[cyclonethemes.com/demo/html/padhai/images/kindergarden/gl-s1.html]
[cyclonethemes.com/demo/html/padhai/images/kindergarden/gl-c1.html]
[cyclonethemes.com/demo/html/padhai/images/driving/cta-bg.jpg]
[cyclonethemes.com/demo/html/padhai/images/driving/slide-4.jpg]
[cyclonethemes.com/demo/html/padhai/css/driving.css]
[cyclonethemes.com/demo/html/padhai/images/cook/slide.jpg]
[cyclonethemes.com/demo/html/padhai/images/cook/formbg.jpg]
[cyclonethemes.com/demo/html/padhai/images/cook/cook-p.jpg]
[cyclonethemes.com/demo/html/padhai/images/cook/bg1.png]
[cyclonethemes.com/demo/html/padhai/images/cook/slide1.jpg]
[cyclonethemes.com/demo/html/padhai/css/cook.css]
[cyclonethemes.com/demo/html/padhai/css/dashboard.css]
[cyclonethemes.com/demo/html/padhai/fonts/fontawesome-webfont5b62.eot]
[cyclonethemes.com/demo/html/padhai/fonts/fontawesome-webfontd41d.eot]
[cyclonethemes.com/demo/html/padhai/fonts/fontawesome-webfont5b62.woff2]
[cyclonethemes.com/demo/html/padhai/fonts/fontawesome-webfont5b62.woff]
[cyclonethemes.com/demo/html/padhai/fonts/fontawesome-webfont5b62.ttf]
[cyclonethemes.com/demo/html/padhai/fonts/fontawesome-webfont5b62.svg]
[cyclonethemes.com/demo/html/padhai/fonts/simple-line-iconsc05f.eot]
[cyclonethemes.com/demo/html/padhai/fonts/Simple-Line-Iconsc05f.ttf]
[cyclonethemes.com/demo/html/padhai/fonts/Simple-Line-Iconsc05f.woff]
[cyclonethemes.com/demo/html/padhai/fonts/simple-line-iconsc05f.svg]
[cyclonethemes.com/demo/html/padhai/fonts/iconsmindca27.eot]
[cyclonethemes.com/demo/html/padhai/fonts/iconsmindd41d.eot]
[cyclonethemes.com/demo/html/padhai/fonts/iconsmindca27.woff]
[cyclonethemes.com/demo/html/padhai/fonts/iconsmindca27.ttf]
[cyclonethemes.com/demo/html/padhai/css/icons.css]
[cdnjs.cloudflare.com/ajax/libs/font-awesome/4.7.0/css/font-awesome.min.css]
[canvasjs.com/assets/script/canvasjs.min.js]
[cyclonethemes.com/demo/html/padhai/js/plugin.html]
[cyclonethemes.com/demo/html/padhai/portfolio-detail.html]
[cyclonethemes.com/demo/html/padhai/js/custom-video.html]
[cyclonethemes.com/demo/html/padhai/fonts/fontawesome-webfont5b62.html]
[cyclonethemes.com/demo/html/padhai/fonts/fontawesome-webfontd41d.html]
[cyclonethemes.com/demo/html/padhai/fonts/fontawesome-webfont5b62-2.html]
[cyclonethemes.com/demo/html/padhai/fonts/fontawesome-webfont5b62-3.html]
[cyclonethemes.com/demo/html/padhai/fonts/fontawesome-webfont5b62-4.html]
[cyclonethemes.com/demo/html/padhai/fonts/fontawesome-webfont5b62-5.html]
[cyclonethemes.com/demo/html/padhai/fonts/simple-line-iconsc05f.html]
[cyclonethemes.com/demo/html/padhai/fonts/simple-line-iconsc05f-2.html]
[cyclonethemes.com/demo/html/padhai/fonts/iconsmindca27.svg]
[cyclonethemes.com/demo/html/padhai/fonts/iconsmindca27.svg]
